// Jest Snapshot v1, https://goo.gl/fbAQLP

exports[`components/App App should render correctly 1`] = `
<Component
  classes={
    Object {
      "root": "Component-root-1",
    }
  }
/>
`;

exports[`components/App Render should render with default props 1`] = `
<div
  className="__ROOT__"
>
  <Switch>
    <Route
      component={[Function]}
      exact={true}
      path="/"
    />
    <Route
      component={[Function]}
      exact={true}
      path="/register"
    />
    <Route
      component={[Function]}
      path="/register/:code+"
    />
    <Route
      component={[Function]}
      exact={true}
      path="/reset"
    />
    <Route
      component={[Function]}
      path="/reset/:code+"
    />
    <Route
      component={[Function]}
      path="/leave"
    />
    <Route
      component={[Function]}
    />
  </Switch>
</div>
`;
