// Jest Snapshot v1, https://goo.gl/fbAQLP

exports[`components/Dialog Dialog should render with default props 1`] = `
<Dialog
  classes={
    Object {
      "root": "pure-Dialog--root-1",
    }
  }
>
  __CHILDREN__
</Dialog>
`;

exports[`components/Dialog Render should render with default props 1`] = `
<WithStyles(Paper)
  className="__ROOT__"
  elevation={1}
>
  __CHILDREN__
</WithStyles(Paper)>
`;
