// Jest Snapshot v1, https://goo.gl/fbAQLP

exports[`enhancers/with-session withSession { initSession } should dispatch action 1`] = `
Array [
  Object {
    "session": Object {
      "access": Object {
        "expires": "__EXPIRES__",
        "token": "__TOKEN__",
      },
      "id": Object {
        "expires": "__EXPIRES__",
        "token": "__TOKEN__",
      },
    },
    "type": "SESSION_INIT",
  },
]
`;

exports[`enhancers/with-session withSession { terminateSession } should dispatch action 1`] = `
Array [
  Object {
    "type": "SESSION_TERMINATE",
  },
]
`;
