// Jest Snapshot v1, https://goo.gl/fbAQLP

exports[`components/Form Form should render with default props 1`] = `
<Form
  classes={
    Object {
      "root": "pure-Form--root-1",
    }
  }
  onSubmit={[MockFunction]}
>
  __CHILDREN__
</Form>
`;

exports[`components/Form Render should render with default props 1`] = `
<form
  autoComplete="off"
  className="__ROOT__"
  method="post"
  onSubmit={[MockFunction]}
>
  __CHILDREN__
</form>
`;
